The system is: Linux - 6.6.87.2-microsoft-standard-WSL2 - x86_64
Compiling the C compiler identification source file "CMakeCCompilerId.c" succeeded.
Compiler: /home/robk/code/llvm-project/build/bin/clang 
Build flags: -g;-gdwarf-5;-O0;-fno-omit-frame-pointer;-DDEBUG=1;-ffunction-sections;-fdata-sections
Id flags:  

The output was:
0


Compilation of the C compiler identification source "CMakeCCompilerId.c" produced "a.out"

The C compiler identification is Clang, found in "/home/robk/code/llvm-project/lldb/gnustep-build/libobjc2/CMakeFiles/3.22.1/CompilerIdC/a.out"

Checking whether the ASM compiler is Clang using "--version" matched "(clang version)":
clang version 20.1.8 (https://github.com/robk-dev/llvm-project.git bbf91aa53798c9e24933040e73c336b57262af58)
Target: x86_64-unknown-linux-gnu
Thread model: posix
InstalledDir: /home/robk/code/llvm-project/build/bin
Build config: +assertions
Compiling the CXX compiler identification source file "CMakeCXXCompilerId.cpp" succeeded.
Compiler: /home/robk/code/llvm-project/build/bin/clang++ 
Build flags: -g;-gdwarf-5;-O0;-fno-omit-frame-pointer;-DDEBUG=1;-ffunction-sections;-fdata-sections
Id flags:  

The output was:
0


Compilation of the CXX compiler identification source "CMakeCXXCompilerId.cpp" produced "a.out"

The CXX compiler identification is Clang, found in "/home/robk/code/llvm-project/lldb/gnustep-build/libobjc2/CMakeFiles/3.22.1/CompilerIdCXX/a.out"

Detecting C compiler ABI info compiled with the following output:
Change Dir: /home/robk/code/llvm-project/lldb/gnustep-build/libobjc2/CMakeFiles/CMakeTmp

Run Build Command(s):/usr/bin/ninja cmTC_a7df0 && [1/2] Building C object CMakeFiles/cmTC_a7df0.dir/CMakeCCompilerABI.c.o
clang version 20.1.8 (https://github.com/robk-dev/llvm-project.git bbf91aa53798c9e24933040e73c336b57262af58)
Target: x86_64-unknown-linux-gnu
Thread model: posix
InstalledDir: /home/robk/code/llvm-project/build/bin
Build config: +assertions
Found candidate GCC installation: /usr/lib/gcc/x86_64-linux-gnu/11
Selected GCC installation: /usr/lib/gcc/x86_64-linux-gnu/11
Candidate multilib: .;@m64
Selected multilib: .;@m64
 (in-process)
 "/home/robk/code/llvm-project/build/bin/clang-20" -cc1 -triple x86_64-unknown-linux-gnu -emit-obj -disable-free -clear-ast-before-backend -main-file-name CMakeCCompilerABI.c -mrelocation-model pic -pic-level 2 -pic-is-pie -mframe-pointer=all -fmath-errno -ffp-contract=on -fno-rounding-math -mconstructor-aliases -funwind-tables=2 -target-cpu x86-64 -tune-cpu generic -debug-info-kind=constructor -dwarf-version=5 -debugger-tuning=gdb -fdebug-compilation-dir=/home/robk/code/llvm-project/lldb/gnustep-build/libobjc2/CMakeFiles/CMakeTmp -v -ffunction-sections -fdata-sections -fcoverage-compilation-dir=/home/robk/code/llvm-project/lldb/gnustep-build/libobjc2/CMakeFiles/CMakeTmp -resource-dir /home/robk/code/llvm-project/build/lib/clang/20 -dependency-file CMakeFiles/cmTC_a7df0.dir/CMakeCCompilerABI.c.o.d -MT CMakeFiles/cmTC_a7df0.dir/CMakeCCompilerABI.c.o -sys-header-deps -D DEBUG=1 -internal-isystem /home/robk/code/llvm-project/build/lib/clang/20/include -internal-isystem /usr/local/include -internal-isystem /usr/lib/gcc/x86_64-linux-gnu/11/../../../../x86_64-linux-gnu/include -internal-externc-isystem /usr/include/x86_64-linux-gnu -internal-externc-isystem /include -internal-externc-isystem /usr/include -O0 -ferror-limit 19 -fgnuc-version=4.2.1 -fskip-odr-check-in-gmf -faddrsig -D__GCC_HAVE_DWARF2_CFI_ASM=1 -o CMakeFiles/cmTC_a7df0.dir/CMakeCCompilerABI.c.o -x c /usr/share/cmake-3.22/Modules/CMakeCCompilerABI.c
clang -cc1 version 20.1.8 based upon LLVM 20.1.8 default target x86_64-unknown-linux-gnu
ignoring nonexistent directory "/usr/lib/gcc/x86_64-linux-gnu/11/../../../../x86_64-linux-gnu/include"
ignoring nonexistent directory "/include"
#include "..." search starts here:
#include <...> search starts here:
 /home/robk/code/llvm-project/build/lib/clang/20/include
 /usr/local/include
 /usr/include/x86_64-linux-gnu
 /usr/include
End of search list.
[2/2] Linking C static library libcmTC_a7df0.a



Parsed C implicit include dir info from above output: rv=done
  found start of include info
  found start of implicit include info
    add: [/home/robk/code/llvm-project/build/lib/clang/20/include]
    add: [/usr/local/include]
    add: [/usr/include/x86_64-linux-gnu]
    add: [/usr/include]
  end of search list found
  collapse include dir [/home/robk/code/llvm-project/build/lib/clang/20/include] ==> [/home/robk/code/llvm-project/build/lib/clang/20/include]
  collapse include dir [/usr/local/include] ==> [/usr/local/include]
  collapse include dir [/usr/include/x86_64-linux-gnu] ==> [/usr/include/x86_64-linux-gnu]
  collapse include dir [/usr/include] ==> [/usr/include]
  implicit include dirs: [/home/robk/code/llvm-project/build/lib/clang/20/include;/usr/local/include;/usr/include/x86_64-linux-gnu;/usr/include]


Parsed C implicit link information from above output:
  link line regex: [^( *|.*[/\])(ld\.lld|CMAKE_LINK_STARTFILE-NOTFOUND|([^/\]+-)?ld|collect2)[^/\]*( |$)]
  ignore line: [Change Dir: /home/robk/code/llvm-project/lldb/gnustep-build/libobjc2/CMakeFiles/CMakeTmp]
  ignore line: []
  ignore line: [Run Build Command(s):/usr/bin/ninja cmTC_a7df0 && [1/2] Building C object CMakeFiles/cmTC_a7df0.dir/CMakeCCompilerABI.c.o]
  ignore line: [clang version 20.1.8 (https://github.com/robk-dev/llvm-project.git bbf91aa53798c9e24933040e73c336b57262af58)]
  ignore line: [Target: x86_64-unknown-linux-gnu]
  ignore line: [Thread model: posix]
  ignore line: [InstalledDir: /home/robk/code/llvm-project/build/bin]
  ignore line: [Build config: +assertions]
  ignore line: [Found candidate GCC installation: /usr/lib/gcc/x86_64-linux-gnu/11]
  ignore line: [Selected GCC installation: /usr/lib/gcc/x86_64-linux-gnu/11]
  ignore line: [Candidate multilib: .]
  ignore line: [@m64]
  ignore line: [Selected multilib: .]
  ignore line: [@m64]
  ignore line: [ (in-process)]
  ignore line: [ "/home/robk/code/llvm-project/build/bin/clang-20" -cc1 -triple x86_64-unknown-linux-gnu -emit-obj -disable-free -clear-ast-before-backend -main-file-name CMakeCCompilerABI.c -mrelocation-model pic -pic-level 2 -pic-is-pie -mframe-pointer=all -fmath-errno -ffp-contract=on -fno-rounding-math -mconstructor-aliases -funwind-tables=2 -target-cpu x86-64 -tune-cpu generic -debug-info-kind=constructor -dwarf-version=5 -debugger-tuning=gdb -fdebug-compilation-dir=/home/robk/code/llvm-project/lldb/gnustep-build/libobjc2/CMakeFiles/CMakeTmp -v -ffunction-sections -fdata-sections -fcoverage-compilation-dir=/home/robk/code/llvm-project/lldb/gnustep-build/libobjc2/CMakeFiles/CMakeTmp -resource-dir /home/robk/code/llvm-project/build/lib/clang/20 -dependency-file CMakeFiles/cmTC_a7df0.dir/CMakeCCompilerABI.c.o.d -MT CMakeFiles/cmTC_a7df0.dir/CMakeCCompilerABI.c.o -sys-header-deps -D DEBUG=1 -internal-isystem /home/robk/code/llvm-project/build/lib/clang/20/include -internal-isystem /usr/local/include -internal-isystem /usr/lib/gcc/x86_64-linux-gnu/11/../../../../x86_64-linux-gnu/include -internal-externc-isystem /usr/include/x86_64-linux-gnu -internal-externc-isystem /include -internal-externc-isystem /usr/include -O0 -ferror-limit 19 -fgnuc-version=4.2.1 -fskip-odr-check-in-gmf -faddrsig -D__GCC_HAVE_DWARF2_CFI_ASM=1 -o CMakeFiles/cmTC_a7df0.dir/CMakeCCompilerABI.c.o -x c /usr/share/cmake-3.22/Modules/CMakeCCompilerABI.c]
  ignore line: [clang -cc1 version 20.1.8 based upon LLVM 20.1.8 default target x86_64-unknown-linux-gnu]
  ignore line: [ignoring nonexistent directory "/usr/lib/gcc/x86_64-linux-gnu/11/../../../../x86_64-linux-gnu/include"]
  ignore line: [ignoring nonexistent directory "/include"]
  ignore line: [#include "..." search starts here:]
  ignore line: [#include <...> search starts here:]
  ignore line: [ /home/robk/code/llvm-project/build/lib/clang/20/include]
  ignore line: [ /usr/local/include]
  ignore line: [ /usr/include/x86_64-linux-gnu]
  ignore line: [ /usr/include]
  ignore line: [End of search list.]
  ignore line: [[2/2] Linking C static library libcmTC_a7df0.a]
  ignore line: []
  ignore line: []
  implicit libs: []
  implicit objs: []
  implicit dirs: []
  implicit fwks: []


Detecting CXX compiler ABI info compiled with the following output:
Change Dir: /home/robk/code/llvm-project/lldb/gnustep-build/libobjc2/CMakeFiles/CMakeTmp

Run Build Command(s):/usr/bin/ninja cmTC_cc8ef && [1/2] Building CXX object CMakeFiles/cmTC_cc8ef.dir/CMakeCXXCompilerABI.cpp.o
clang version 20.1.8 (https://github.com/robk-dev/llvm-project.git bbf91aa53798c9e24933040e73c336b57262af58)
Target: x86_64-unknown-linux-gnu
Thread model: posix
InstalledDir: /home/robk/code/llvm-project/build/bin
Build config: +assertions
Found candidate GCC installation: /usr/lib/gcc/x86_64-linux-gnu/11
Selected GCC installation: /usr/lib/gcc/x86_64-linux-gnu/11
Candidate multilib: .;@m64
Selected multilib: .;@m64
 (in-process)
 "/home/robk/code/llvm-project/build/bin/clang-20" -cc1 -triple x86_64-unknown-linux-gnu -emit-obj -disable-free -clear-ast-before-backend -main-file-name CMakeCXXCompilerABI.cpp -mrelocation-model pic -pic-level 2 -pic-is-pie -mframe-pointer=all -fmath-errno -ffp-contract=on -fno-rounding-math -mconstructor-aliases -funwind-tables=2 -target-cpu x86-64 -tune-cpu generic -debug-info-kind=constructor -dwarf-version=5 -debugger-tuning=gdb -fdebug-compilation-dir=/home/robk/code/llvm-project/lldb/gnustep-build/libobjc2/CMakeFiles/CMakeTmp -v -ffunction-sections -fdata-sections -fcoverage-compilation-dir=/home/robk/code/llvm-project/lldb/gnustep-build/libobjc2/CMakeFiles/CMakeTmp -resource-dir /home/robk/code/llvm-project/build/lib/clang/20 -dependency-file CMakeFiles/cmTC_cc8ef.dir/CMakeCXXCompilerABI.cpp.o.d -MT CMakeFiles/cmTC_cc8ef.dir/CMakeCXXCompilerABI.cpp.o -sys-header-deps -D DEBUG=1 -internal-isystem /usr/lib/gcc/x86_64-linux-gnu/11/../../../../include/c++/11 -internal-isystem /usr/lib/gcc/x86_64-linux-gnu/11/../../../../include/x86_64-linux-gnu/c++/11 -internal-isystem /usr/lib/gcc/x86_64-linux-gnu/11/../../../../include/c++/11/backward -internal-isystem /home/robk/code/llvm-project/build/lib/clang/20/include -internal-isystem /usr/local/include -internal-isystem /usr/lib/gcc/x86_64-linux-gnu/11/../../../../x86_64-linux-gnu/include -internal-externc-isystem /usr/include/x86_64-linux-gnu -internal-externc-isystem /include -internal-externc-isystem /usr/include -O0 -fdeprecated-macro -ferror-limit 19 -fgnuc-version=4.2.1 -fskip-odr-check-in-gmf -fcxx-exceptions -fexceptions -faddrsig -D__GCC_HAVE_DWARF2_CFI_ASM=1 -o CMakeFiles/cmTC_cc8ef.dir/CMakeCXXCompilerABI.cpp.o -x c++ /usr/share/cmake-3.22/Modules/CMakeCXXCompilerABI.cpp
clang -cc1 version 20.1.8 based upon LLVM 20.1.8 default target x86_64-unknown-linux-gnu
ignoring nonexistent directory "/usr/lib/gcc/x86_64-linux-gnu/11/../../../../x86_64-linux-gnu/include"
ignoring nonexistent directory "/include"
#include "..." search starts here:
#include <...> search starts here:
 /usr/lib/gcc/x86_64-linux-gnu/11/../../../../include/c++/11
 /usr/lib/gcc/x86_64-linux-gnu/11/../../../../include/x86_64-linux-gnu/c++/11
 /usr/lib/gcc/x86_64-linux-gnu/11/../../../../include/c++/11/backward
 /home/robk/code/llvm-project/build/lib/clang/20/include
 /usr/local/include
 /usr/include/x86_64-linux-gnu
 /usr/include
End of search list.
[2/2] Linking CXX static library libcmTC_cc8ef.a



Parsed CXX implicit include dir info from above output: rv=done
  found start of include info
  found start of implicit include info
    add: [/usr/lib/gcc/x86_64-linux-gnu/11/../../../../include/c++/11]
    add: [/usr/lib/gcc/x86_64-linux-gnu/11/../../../../include/x86_64-linux-gnu/c++/11]
    add: [/usr/lib/gcc/x86_64-linux-gnu/11/../../../../include/c++/11/backward]
    add: [/home/robk/code/llvm-project/build/lib/clang/20/include]
    add: [/usr/local/include]
    add: [/usr/include/x86_64-linux-gnu]
    add: [/usr/include]
  end of search list found
  collapse include dir [/usr/lib/gcc/x86_64-linux-gnu/11/../../../../include/c++/11] ==> [/usr/include/c++/11]
  collapse include dir [/usr/lib/gcc/x86_64-linux-gnu/11/../../../../include/x86_64-linux-gnu/c++/11] ==> [/usr/include/x86_64-linux-gnu/c++/11]
  collapse include dir [/usr/lib/gcc/x86_64-linux-gnu/11/../../../../include/c++/11/backward] ==> [/usr/include/c++/11/backward]
  collapse include dir [/home/robk/code/llvm-project/build/lib/clang/20/include] ==> [/home/robk/code/llvm-project/build/lib/clang/20/include]
  collapse include dir [/usr/local/include] ==> [/usr/local/include]
  collapse include dir [/usr/include/x86_64-linux-gnu] ==> [/usr/include/x86_64-linux-gnu]
  collapse include dir [/usr/include] ==> [/usr/include]
  implicit include dirs: [/usr/include/c++/11;/usr/include/x86_64-linux-gnu/c++/11;/usr/include/c++/11/backward;/home/robk/code/llvm-project/build/lib/clang/20/include;/usr/local/include;/usr/include/x86_64-linux-gnu;/usr/include]


Parsed CXX implicit link information from above output:
  link line regex: [^( *|.*[/\])(ld\.lld|CMAKE_LINK_STARTFILE-NOTFOUND|([^/\]+-)?ld|collect2)[^/\]*( |$)]
  ignore line: [Change Dir: /home/robk/code/llvm-project/lldb/gnustep-build/libobjc2/CMakeFiles/CMakeTmp]
  ignore line: []
  ignore line: [Run Build Command(s):/usr/bin/ninja cmTC_cc8ef && [1/2] Building CXX object CMakeFiles/cmTC_cc8ef.dir/CMakeCXXCompilerABI.cpp.o]
  ignore line: [clang version 20.1.8 (https://github.com/robk-dev/llvm-project.git bbf91aa53798c9e24933040e73c336b57262af58)]
  ignore line: [Target: x86_64-unknown-linux-gnu]
  ignore line: [Thread model: posix]
  ignore line: [InstalledDir: /home/robk/code/llvm-project/build/bin]
  ignore line: [Build config: +assertions]
  ignore line: [Found candidate GCC installation: /usr/lib/gcc/x86_64-linux-gnu/11]
  ignore line: [Selected GCC installation: /usr/lib/gcc/x86_64-linux-gnu/11]
  ignore line: [Candidate multilib: .]
  ignore line: [@m64]
  ignore line: [Selected multilib: .]
  ignore line: [@m64]
  ignore line: [ (in-process)]
  ignore line: [ "/home/robk/code/llvm-project/build/bin/clang-20" -cc1 -triple x86_64-unknown-linux-gnu -emit-obj -disable-free -clear-ast-before-backend -main-file-name CMakeCXXCompilerABI.cpp -mrelocation-model pic -pic-level 2 -pic-is-pie -mframe-pointer=all -fmath-errno -ffp-contract=on -fno-rounding-math -mconstructor-aliases -funwind-tables=2 -target-cpu x86-64 -tune-cpu generic -debug-info-kind=constructor -dwarf-version=5 -debugger-tuning=gdb -fdebug-compilation-dir=/home/robk/code/llvm-project/lldb/gnustep-build/libobjc2/CMakeFiles/CMakeTmp -v -ffunction-sections -fdata-sections -fcoverage-compilation-dir=/home/robk/code/llvm-project/lldb/gnustep-build/libobjc2/CMakeFiles/CMakeTmp -resource-dir /home/robk/code/llvm-project/build/lib/clang/20 -dependency-file CMakeFiles/cmTC_cc8ef.dir/CMakeCXXCompilerABI.cpp.o.d -MT CMakeFiles/cmTC_cc8ef.dir/CMakeCXXCompilerABI.cpp.o -sys-header-deps -D DEBUG=1 -internal-isystem /usr/lib/gcc/x86_64-linux-gnu/11/../../../../include/c++/11 -internal-isystem /usr/lib/gcc/x86_64-linux-gnu/11/../../../../include/x86_64-linux-gnu/c++/11 -internal-isystem /usr/lib/gcc/x86_64-linux-gnu/11/../../../../include/c++/11/backward -internal-isystem /home/robk/code/llvm-project/build/lib/clang/20/include -internal-isystem /usr/local/include -internal-isystem /usr/lib/gcc/x86_64-linux-gnu/11/../../../../x86_64-linux-gnu/include -internal-externc-isystem /usr/include/x86_64-linux-gnu -internal-externc-isystem /include -internal-externc-isystem /usr/include -O0 -fdeprecated-macro -ferror-limit 19 -fgnuc-version=4.2.1 -fskip-odr-check-in-gmf -fcxx-exceptions -fexceptions -faddrsig -D__GCC_HAVE_DWARF2_CFI_ASM=1 -o CMakeFiles/cmTC_cc8ef.dir/CMakeCXXCompilerABI.cpp.o -x c++ /usr/share/cmake-3.22/Modules/CMakeCXXCompilerABI.cpp]
  ignore line: [clang -cc1 version 20.1.8 based upon LLVM 20.1.8 default target x86_64-unknown-linux-gnu]
  ignore line: [ignoring nonexistent directory "/usr/lib/gcc/x86_64-linux-gnu/11/../../../../x86_64-linux-gnu/include"]
  ignore line: [ignoring nonexistent directory "/include"]
  ignore line: [#include "..." search starts here:]
  ignore line: [#include <...> search starts here:]
  ignore line: [ /usr/lib/gcc/x86_64-linux-gnu/11/../../../../include/c++/11]
  ignore line: [ /usr/lib/gcc/x86_64-linux-gnu/11/../../../../include/x86_64-linux-gnu/c++/11]
  ignore line: [ /usr/lib/gcc/x86_64-linux-gnu/11/../../../../include/c++/11/backward]
  ignore line: [ /home/robk/code/llvm-project/build/lib/clang/20/include]
  ignore line: [ /usr/local/include]
  ignore line: [ /usr/include/x86_64-linux-gnu]
  ignore line: [ /usr/include]
  ignore line: [End of search list.]
  ignore line: [[2/2] Linking CXX static library libcmTC_cc8ef.a]
  ignore line: []
  ignore line: []
  implicit libs: []
  implicit objs: []
  implicit dirs: []
  implicit fwks: []


Compiling the OBJC compiler identification source file "CMakeOBJCCompilerId.m" succeeded.
Compiler: /home/robk/code/llvm-project/build/bin/clang 
Build flags: 
Id flags:  

The output was:
0


Compilation of the OBJC compiler identification source "CMakeOBJCCompilerId.m" produced "a.out"

The OBJC compiler identification is Clang, found in "/home/robk/code/llvm-project/lldb/gnustep-build/libobjc2/CMakeFiles/3.22.1/CompilerIdOBJC/a.out"

Compiling the OBJCXX compiler identification source file "CMakeOBJCXXCompilerId.mm" succeeded.
Compiler: /home/robk/code/llvm-project/build/bin/clang++ 
Build flags: 
Id flags:  

The output was:
0
CMakeOBJCXXCompilerId.mm:711:2: warning: invalid preprocessing directive, did you mean '#elif'? [-Wunknown-directives]
  711 | #elfif CXX_STD > 201703L
      |  ^~~~~
      |  elif
1 warning generated.


Compilation of the OBJCXX compiler identification source "CMakeOBJCXXCompilerId.mm" produced "a.out"

The OBJCXX compiler identification is Clang, found in "/home/robk/code/llvm-project/lldb/gnustep-build/libobjc2/CMakeFiles/3.22.1/CompilerIdOBJCXX/a.out"

Detecting OBJC compiler ABI info compiled with the following output:
Change Dir: /home/robk/code/llvm-project/lldb/gnustep-build/libobjc2/CMakeFiles/CMakeTmp

Run Build Command(s):/usr/bin/ninja cmTC_c6ca6 && [1/2] Building OBJC object CMakeFiles/cmTC_c6ca6.dir/CMakeOBJCCompilerABI.m.o
clang version 20.1.8 (https://github.com/robk-dev/llvm-project.git bbf91aa53798c9e24933040e73c336b57262af58)
Target: x86_64-unknown-linux-gnu
Thread model: posix
InstalledDir: /home/robk/code/llvm-project/build/bin
Build config: +assertions
Found candidate GCC installation: /usr/lib/gcc/x86_64-linux-gnu/11
Selected GCC installation: /usr/lib/gcc/x86_64-linux-gnu/11
Candidate multilib: .;@m64
Selected multilib: .;@m64
 (in-process)
 "/home/robk/code/llvm-project/build/bin/clang-20" -cc1 -triple x86_64-unknown-linux-gnu -emit-obj -disable-free -clear-ast-before-backend -main-file-name CMakeOBJCCompilerABI.m -mrelocation-model pic -pic-level 2 -pic-is-pie -mframe-pointer=all -fmath-errno -ffp-contract=on -fno-rounding-math -mconstructor-aliases -funwind-tables=2 -target-cpu x86-64 -tune-cpu generic -debugger-tuning=gdb -fdebug-compilation-dir=/home/robk/code/llvm-project/lldb/gnustep-build/libobjc2/CMakeFiles/CMakeTmp -v -fcoverage-compilation-dir=/home/robk/code/llvm-project/lldb/gnustep-build/libobjc2/CMakeFiles/CMakeTmp -resource-dir /home/robk/code/llvm-project/build/lib/clang/20 -dependency-file CMakeFiles/cmTC_c6ca6.dir/CMakeOBJCCompilerABI.m.o.d -MT CMakeFiles/cmTC_c6ca6.dir/CMakeOBJCCompilerABI.m.o -sys-header-deps -internal-isystem /home/robk/code/llvm-project/build/lib/clang/20/include -internal-isystem /usr/local/include -internal-isystem /usr/lib/gcc/x86_64-linux-gnu/11/../../../../x86_64-linux-gnu/include -internal-externc-isystem /usr/include/x86_64-linux-gnu -internal-externc-isystem /include -internal-externc-isystem /usr/include -ferror-limit 19 -fgnuc-version=4.2.1 -fskip-odr-check-in-gmf -fobjc-runtime=gcc -fobjc-encode-cxx-class-template-spec -fobjc-exceptions -faddrsig -D__GCC_HAVE_DWARF2_CFI_ASM=1 -o CMakeFiles/cmTC_c6ca6.dir/CMakeOBJCCompilerABI.m.o -x objective-c /usr/share/cmake-3.22/Modules/CMakeOBJCCompilerABI.m
clang -cc1 version 20.1.8 based upon LLVM 20.1.8 default target x86_64-unknown-linux-gnu
ignoring nonexistent directory "/usr/lib/gcc/x86_64-linux-gnu/11/../../../../x86_64-linux-gnu/include"
ignoring nonexistent directory "/include"
#include "..." search starts here:
#include <...> search starts here:
 /home/robk/code/llvm-project/build/lib/clang/20/include
 /usr/local/include
 /usr/include/x86_64-linux-gnu
 /usr/include
End of search list.
[2/2] Linking OBJC static library libcmTC_c6ca6.a



Parsed OBJC implicit include dir info from above output: rv=done
  found start of include info
  found start of implicit include info
    add: [/home/robk/code/llvm-project/build/lib/clang/20/include]
    add: [/usr/local/include]
    add: [/usr/include/x86_64-linux-gnu]
    add: [/usr/include]
  end of search list found
  collapse include dir [/home/robk/code/llvm-project/build/lib/clang/20/include] ==> [/home/robk/code/llvm-project/build/lib/clang/20/include]
  collapse include dir [/usr/local/include] ==> [/usr/local/include]
  collapse include dir [/usr/include/x86_64-linux-gnu] ==> [/usr/include/x86_64-linux-gnu]
  collapse include dir [/usr/include] ==> [/usr/include]
  implicit include dirs: [/home/robk/code/llvm-project/build/lib/clang/20/include;/usr/local/include;/usr/include/x86_64-linux-gnu;/usr/include]


Parsed OBJC implicit link information from above output:
  link line regex: [^( *|.*[/\])(ld\.lld|CMAKE_LINK_STARTFILE-NOTFOUND|([^/\]+-)?ld|collect2)[^/\]*( |$)]
  ignore line: [Change Dir: /home/robk/code/llvm-project/lldb/gnustep-build/libobjc2/CMakeFiles/CMakeTmp]
  ignore line: []
  ignore line: [Run Build Command(s):/usr/bin/ninja cmTC_c6ca6 && [1/2] Building OBJC object CMakeFiles/cmTC_c6ca6.dir/CMakeOBJCCompilerABI.m.o]
  ignore line: [clang version 20.1.8 (https://github.com/robk-dev/llvm-project.git bbf91aa53798c9e24933040e73c336b57262af58)]
  ignore line: [Target: x86_64-unknown-linux-gnu]
  ignore line: [Thread model: posix]
  ignore line: [InstalledDir: /home/robk/code/llvm-project/build/bin]
  ignore line: [Build config: +assertions]
  ignore line: [Found candidate GCC installation: /usr/lib/gcc/x86_64-linux-gnu/11]
  ignore line: [Selected GCC installation: /usr/lib/gcc/x86_64-linux-gnu/11]
  ignore line: [Candidate multilib: .]
  ignore line: [@m64]
  ignore line: [Selected multilib: .]
  ignore line: [@m64]
  ignore line: [ (in-process)]
  ignore line: [ "/home/robk/code/llvm-project/build/bin/clang-20" -cc1 -triple x86_64-unknown-linux-gnu -emit-obj -disable-free -clear-ast-before-backend -main-file-name CMakeOBJCCompilerABI.m -mrelocation-model pic -pic-level 2 -pic-is-pie -mframe-pointer=all -fmath-errno -ffp-contract=on -fno-rounding-math -mconstructor-aliases -funwind-tables=2 -target-cpu x86-64 -tune-cpu generic -debugger-tuning=gdb -fdebug-compilation-dir=/home/robk/code/llvm-project/lldb/gnustep-build/libobjc2/CMakeFiles/CMakeTmp -v -fcoverage-compilation-dir=/home/robk/code/llvm-project/lldb/gnustep-build/libobjc2/CMakeFiles/CMakeTmp -resource-dir /home/robk/code/llvm-project/build/lib/clang/20 -dependency-file CMakeFiles/cmTC_c6ca6.dir/CMakeOBJCCompilerABI.m.o.d -MT CMakeFiles/cmTC_c6ca6.dir/CMakeOBJCCompilerABI.m.o -sys-header-deps -internal-isystem /home/robk/code/llvm-project/build/lib/clang/20/include -internal-isystem /usr/local/include -internal-isystem /usr/lib/gcc/x86_64-linux-gnu/11/../../../../x86_64-linux-gnu/include -internal-externc-isystem /usr/include/x86_64-linux-gnu -internal-externc-isystem /include -internal-externc-isystem /usr/include -ferror-limit 19 -fgnuc-version=4.2.1 -fskip-odr-check-in-gmf -fobjc-runtime=gcc -fobjc-encode-cxx-class-template-spec -fobjc-exceptions -faddrsig -D__GCC_HAVE_DWARF2_CFI_ASM=1 -o CMakeFiles/cmTC_c6ca6.dir/CMakeOBJCCompilerABI.m.o -x objective-c /usr/share/cmake-3.22/Modules/CMakeOBJCCompilerABI.m]
  ignore line: [clang -cc1 version 20.1.8 based upon LLVM 20.1.8 default target x86_64-unknown-linux-gnu]
  ignore line: [ignoring nonexistent directory "/usr/lib/gcc/x86_64-linux-gnu/11/../../../../x86_64-linux-gnu/include"]
  ignore line: [ignoring nonexistent directory "/include"]
  ignore line: [#include "..." search starts here:]
  ignore line: [#include <...> search starts here:]
  ignore line: [ /home/robk/code/llvm-project/build/lib/clang/20/include]
  ignore line: [ /usr/local/include]
  ignore line: [ /usr/include/x86_64-linux-gnu]
  ignore line: [ /usr/include]
  ignore line: [End of search list.]
  ignore line: [[2/2] Linking OBJC static library libcmTC_c6ca6.a]
  ignore line: []
  ignore line: []
  implicit libs: []
  implicit objs: []
  implicit dirs: []
  implicit fwks: []


Detecting OBJCXX compiler ABI info compiled with the following output:
Change Dir: /home/robk/code/llvm-project/lldb/gnustep-build/libobjc2/CMakeFiles/CMakeTmp

Run Build Command(s):/usr/bin/ninja cmTC_29109 && [1/2] Building OBJCXX object CMakeFiles/cmTC_29109.dir/CMakeOBJCXXCompilerABI.mm.o
clang version 20.1.8 (https://github.com/robk-dev/llvm-project.git bbf91aa53798c9e24933040e73c336b57262af58)
Target: x86_64-unknown-linux-gnu
Thread model: posix
InstalledDir: /home/robk/code/llvm-project/build/bin
Build config: +assertions
Found candidate GCC installation: /usr/lib/gcc/x86_64-linux-gnu/11
Selected GCC installation: /usr/lib/gcc/x86_64-linux-gnu/11
Candidate multilib: .;@m64
Selected multilib: .;@m64
 (in-process)
 "/home/robk/code/llvm-project/build/bin/clang-20" -cc1 -triple x86_64-unknown-linux-gnu -emit-obj -disable-free -clear-ast-before-backend -main-file-name CMakeOBJCXXCompilerABI.mm -mrelocation-model pic -pic-level 2 -pic-is-pie -mframe-pointer=all -fmath-errno -ffp-contract=on -fno-rounding-math -mconstructor-aliases -funwind-tables=2 -target-cpu x86-64 -tune-cpu generic -debugger-tuning=gdb -fdebug-compilation-dir=/home/robk/code/llvm-project/lldb/gnustep-build/libobjc2/CMakeFiles/CMakeTmp -v -fcoverage-compilation-dir=/home/robk/code/llvm-project/lldb/gnustep-build/libobjc2/CMakeFiles/CMakeTmp -resource-dir /home/robk/code/llvm-project/build/lib/clang/20 -dependency-file CMakeFiles/cmTC_29109.dir/CMakeOBJCXXCompilerABI.mm.o.d -MT CMakeFiles/cmTC_29109.dir/CMakeOBJCXXCompilerABI.mm.o -sys-header-deps -internal-isystem /usr/lib/gcc/x86_64-linux-gnu/11/../../../../include/c++/11 -internal-isystem /usr/lib/gcc/x86_64-linux-gnu/11/../../../../include/x86_64-linux-gnu/c++/11 -internal-isystem /usr/lib/gcc/x86_64-linux-gnu/11/../../../../include/c++/11/backward -internal-isystem /home/robk/code/llvm-project/build/lib/clang/20/include -internal-isystem /usr/local/include -internal-isystem /usr/lib/gcc/x86_64-linux-gnu/11/../../../../x86_64-linux-gnu/include -internal-externc-isystem /usr/include/x86_64-linux-gnu -internal-externc-isystem /include -internal-externc-isystem /usr/include -fdeprecated-macro -ferror-limit 19 -fgnuc-version=4.2.1 -fskip-odr-check-in-gmf -fobjc-runtime=gcc -fobjc-encode-cxx-class-template-spec -fobjc-exceptions -fcxx-exceptions -fexceptions -faddrsig -D__GCC_HAVE_DWARF2_CFI_ASM=1 -o CMakeFiles/cmTC_29109.dir/CMakeOBJCXXCompilerABI.mm.o -x objective-c++ /usr/share/cmake-3.22/Modules/CMakeOBJCXXCompilerABI.mm
clang -cc1 version 20.1.8 based upon LLVM 20.1.8 default target x86_64-unknown-linux-gnu
ignoring nonexistent directory "/usr/lib/gcc/x86_64-linux-gnu/11/../../../../x86_64-linux-gnu/include"
ignoring nonexistent directory "/include"
#include "..." search starts here:
#include <...> search starts here:
 /usr/lib/gcc/x86_64-linux-gnu/11/../../../../include/c++/11
 /usr/lib/gcc/x86_64-linux-gnu/11/../../../../include/x86_64-linux-gnu/c++/11
 /usr/lib/gcc/x86_64-linux-gnu/11/../../../../include/c++/11/backward
 /home/robk/code/llvm-project/build/lib/clang/20/include
 /usr/local/include
 /usr/include/x86_64-linux-gnu
 /usr/include
End of search list.
[2/2] Linking OBJCXX static library libcmTC_29109.a



Parsed OBJCXX implicit include dir info from above output: rv=done
  found start of include info
  found start of implicit include info
    add: [/usr/lib/gcc/x86_64-linux-gnu/11/../../../../include/c++/11]
    add: [/usr/lib/gcc/x86_64-linux-gnu/11/../../../../include/x86_64-linux-gnu/c++/11]
    add: [/usr/lib/gcc/x86_64-linux-gnu/11/../../../../include/c++/11/backward]
    add: [/home/robk/code/llvm-project/build/lib/clang/20/include]
    add: [/usr/local/include]
    add: [/usr/include/x86_64-linux-gnu]
    add: [/usr/include]
  end of search list found
  collapse include dir [/usr/lib/gcc/x86_64-linux-gnu/11/../../../../include/c++/11] ==> [/usr/include/c++/11]
  collapse include dir [/usr/lib/gcc/x86_64-linux-gnu/11/../../../../include/x86_64-linux-gnu/c++/11] ==> [/usr/include/x86_64-linux-gnu/c++/11]
  collapse include dir [/usr/lib/gcc/x86_64-linux-gnu/11/../../../../include/c++/11/backward] ==> [/usr/include/c++/11/backward]
  collapse include dir [/home/robk/code/llvm-project/build/lib/clang/20/include] ==> [/home/robk/code/llvm-project/build/lib/clang/20/include]
  collapse include dir [/usr/local/include] ==> [/usr/local/include]
  collapse include dir [/usr/include/x86_64-linux-gnu] ==> [/usr/include/x86_64-linux-gnu]
  collapse include dir [/usr/include] ==> [/usr/include]
  implicit include dirs: [/usr/include/c++/11;/usr/include/x86_64-linux-gnu/c++/11;/usr/include/c++/11/backward;/home/robk/code/llvm-project/build/lib/clang/20/include;/usr/local/include;/usr/include/x86_64-linux-gnu;/usr/include]


Parsed OBJCXX implicit link information from above output:
  link line regex: [^( *|.*[/\])(ld\.lld|CMAKE_LINK_STARTFILE-NOTFOUND|([^/\]+-)?ld|collect2)[^/\]*( |$)]
  ignore line: [Change Dir: /home/robk/code/llvm-project/lldb/gnustep-build/libobjc2/CMakeFiles/CMakeTmp]
  ignore line: []
  ignore line: [Run Build Command(s):/usr/bin/ninja cmTC_29109 && [1/2] Building OBJCXX object CMakeFiles/cmTC_29109.dir/CMakeOBJCXXCompilerABI.mm.o]
  ignore line: [clang version 20.1.8 (https://github.com/robk-dev/llvm-project.git bbf91aa53798c9e24933040e73c336b57262af58)]
  ignore line: [Target: x86_64-unknown-linux-gnu]
  ignore line: [Thread model: posix]
  ignore line: [InstalledDir: /home/robk/code/llvm-project/build/bin]
  ignore line: [Build config: +assertions]
  ignore line: [Found candidate GCC installation: /usr/lib/gcc/x86_64-linux-gnu/11]
  ignore line: [Selected GCC installation: /usr/lib/gcc/x86_64-linux-gnu/11]
  ignore line: [Candidate multilib: .]
  ignore line: [@m64]
  ignore line: [Selected multilib: .]
  ignore line: [@m64]
  ignore line: [ (in-process)]
  ignore line: [ "/home/robk/code/llvm-project/build/bin/clang-20" -cc1 -triple x86_64-unknown-linux-gnu -emit-obj -disable-free -clear-ast-before-backend -main-file-name CMakeOBJCXXCompilerABI.mm -mrelocation-model pic -pic-level 2 -pic-is-pie -mframe-pointer=all -fmath-errno -ffp-contract=on -fno-rounding-math -mconstructor-aliases -funwind-tables=2 -target-cpu x86-64 -tune-cpu generic -debugger-tuning=gdb -fdebug-compilation-dir=/home/robk/code/llvm-project/lldb/gnustep-build/libobjc2/CMakeFiles/CMakeTmp -v -fcoverage-compilation-dir=/home/robk/code/llvm-project/lldb/gnustep-build/libobjc2/CMakeFiles/CMakeTmp -resource-dir /home/robk/code/llvm-project/build/lib/clang/20 -dependency-file CMakeFiles/cmTC_29109.dir/CMakeOBJCXXCompilerABI.mm.o.d -MT CMakeFiles/cmTC_29109.dir/CMakeOBJCXXCompilerABI.mm.o -sys-header-deps -internal-isystem /usr/lib/gcc/x86_64-linux-gnu/11/../../../../include/c++/11 -internal-isystem /usr/lib/gcc/x86_64-linux-gnu/11/../../../../include/x86_64-linux-gnu/c++/11 -internal-isystem /usr/lib/gcc/x86_64-linux-gnu/11/../../../../include/c++/11/backward -internal-isystem /home/robk/code/llvm-project/build/lib/clang/20/include -internal-isystem /usr/local/include -internal-isystem /usr/lib/gcc/x86_64-linux-gnu/11/../../../../x86_64-linux-gnu/include -internal-externc-isystem /usr/include/x86_64-linux-gnu -internal-externc-isystem /include -internal-externc-isystem /usr/include -fdeprecated-macro -ferror-limit 19 -fgnuc-version=4.2.1 -fskip-odr-check-in-gmf -fobjc-runtime=gcc -fobjc-encode-cxx-class-template-spec -fobjc-exceptions -fcxx-exceptions -fexceptions -faddrsig -D__GCC_HAVE_DWARF2_CFI_ASM=1 -o CMakeFiles/cmTC_29109.dir/CMakeOBJCXXCompilerABI.mm.o -x objective-c++ /usr/share/cmake-3.22/Modules/CMakeOBJCXXCompilerABI.mm]
  ignore line: [clang -cc1 version 20.1.8 based upon LLVM 20.1.8 default target x86_64-unknown-linux-gnu]
  ignore line: [ignoring nonexistent directory "/usr/lib/gcc/x86_64-linux-gnu/11/../../../../x86_64-linux-gnu/include"]
  ignore line: [ignoring nonexistent directory "/include"]
  ignore line: [#include "..." search starts here:]
  ignore line: [#include <...> search starts here:]
  ignore line: [ /usr/lib/gcc/x86_64-linux-gnu/11/../../../../include/c++/11]
  ignore line: [ /usr/lib/gcc/x86_64-linux-gnu/11/../../../../include/x86_64-linux-gnu/c++/11]
  ignore line: [ /usr/lib/gcc/x86_64-linux-gnu/11/../../../../include/c++/11/backward]
  ignore line: [ /home/robk/code/llvm-project/build/lib/clang/20/include]
  ignore line: [ /usr/local/include]
  ignore line: [ /usr/include/x86_64-linux-gnu]
  ignore line: [ /usr/include]
  ignore line: [End of search list.]
  ignore line: [[2/2] Linking OBJCXX static library libcmTC_29109.a]
  ignore line: []
  ignore line: []
  implicit libs: []
  implicit objs: []
  implicit dirs: []
  implicit fwks: []


Determining if the include file pthread.h exists passed with the following output:
Change Dir: /home/robk/code/llvm-project/lldb/gnustep-build/libobjc2/CMakeFiles/CMakeTmp

Run Build Command(s):/usr/bin/ninja cmTC_79ca6 && [1/2] Building C object CMakeFiles/cmTC_79ca6.dir/CheckIncludeFile.c.o
[2/2] Linking C static library libcmTC_79ca6.a



Performing C SOURCE FILE Test CMAKE_HAVE_LIBC_PTHREAD succeeded with the following output:
Change Dir: /home/robk/code/llvm-project/lldb/gnustep-build/libobjc2/CMakeFiles/CMakeTmp

Run Build Command(s):/usr/bin/ninja cmTC_97a47 && [1/2] Building C object CMakeFiles/cmTC_97a47.dir/src.c.o
[2/2] Linking C static library libcmTC_97a47.a


Source file was:
#include <pthread.h>

static void* test_func(void* data)
{
  return data;
}

int main(void)
{
  pthread_t thread;
  pthread_create(&thread, NULL, test_func, NULL);
  pthread_detach(thread);
  pthread_cancel(thread);
  pthread_join(thread, NULL);
  pthread_atfork(NULL, NULL, NULL);
  pthread_exit(NULL);

  return 0;
}

Performing C++ SOURCE FILE Test CXA_ALLOCATE_EXCEPTION_NOEXCEPT_COMPILES succeeded with the following output:
Change Dir: /home/robk/code/llvm-project/lldb/gnustep-build/libobjc2/CMakeFiles/CMakeTmp

Run Build Command(s):/usr/bin/ninja cmTC_b7b31 && [1/2] Building CXX object CMakeFiles/cmTC_b7b31.dir/src.cxx.o
[2/2] Linking CXX static library libcmTC_b7b31.a


Source file was:

	#include <stdlib.h>
	extern "C" {
	__attribute__((weak))
	void *__cxa_allocate_exception(size_t thrown_size) noexcept;
	}
	#include <exception>
	int main() { return 0; }
